<html>
<body>
<pre>
<h1>µVision Build Log</h1>
<h2>Project:</h2>
C:\Users\s221227\Downloads\Problem_7_2017\landtiger\sample\sample.uvproj
Project File Date:  01/25/2018

<h2>Output:</h2>
Rebuild target 'Target 1'
assembling startup_LPC17xx.s...
compiling sample.c...
compiling core_cm3.c...
compiling system_LPC17xx.c...
compiling funct_led.c...
compiling lib_led.c...
compiling IRQ_button.c...
compiling lib_button.c...
compiling funct_timer.c...
compiling IRQ_timer.c...
compiling lib_timer.c...
linking...
Program Size: Code=1732 RO-data=268 RW-data=8 ZI-data=608  
".\sample.axf" - 0 Error(s), 0 Warning(s).
Load "C:\\Users\\s221227\\Downloads\\Problem_7_2017\\landtiger\\sample\\sample.axf" 
Erase Done.
Programming Done.
Verify OK.
</pre>
</body>
</html>
ms !
Verify Failed!
Error: Flash Download failed  -  "Cortex-M3"
