<html>
<body>
<pre>
<h1>µVision Build Log</h1>
<h2>Project:</h2>
C:\Users\daniele\ARM_projects\lab03_landtiger\landtiger\sample\sample.uvproj
Project File Date:  01/25/2018

<h2>Output:</h2>
Build target 'Target 1'
assembling startup_LPC17xx.s...
compiling sample.c...
sample.c(33): warning:  #1-D: last line of file ends without a newline
compiling core_cm3.c...
compiling system_LPC17xx.c...
compiling funct_led.c...
compiling lib_led.c...
compiling IRQ_button.c...
button_EXINT\IRQ_button.c(41): warning:  #1-D: last line of file ends without a newline
compiling lib_button.c...
compiling funct_timer.c...
compiling IRQ_timer.c...
timer\IRQ_timer.c(58): warning:  #1-D: last line of file ends without a newline
compiling lib_timer.c...
linking...
sample.axf: Error: L6218E: Undefined symbol CurrentLedValue (referred from irq_button.o).
Target not created
Build target 'Target 1'
assembling startup_LPC17xx.s...
compiling sample.c...
sample.c(33): warning:  #1-D: last line of file ends without a newline
compiling core_cm3.c...
compiling system_LPC17xx.c...
compiling funct_led.c...
compiling lib_led.c...
compiling IRQ_button.c...
compiling lib_button.c...
compiling funct_timer.c...
compiling IRQ_timer.c...
timer\IRQ_timer.c(58): warning:  #1-D: last line of file ends without a newline
compiling lib_timer.c...
linking...
sample.axf: Error: L6218E: Undefined symbol CurrentLedValue (referred from irq_button.o).
Target not created
Build target 'Target 1'
assembling startup_LPC17xx.s...
compiling sample.c...
compiling core_cm3.c...
compiling system_LPC17xx.c...
compiling funct_led.c...
compiling lib_led.c...
compiling IRQ_button.c...
compiling lib_button.c...
compiling funct_timer.c...
compiling IRQ_timer.c...
timer\IRQ_timer.c(58): warning:  #1-D: last line of file ends without a newline
compiling lib_timer.c...
linking...
sample.axf: Error: L6218E: Undefined symbol CurrentLedValue (referred from irq_button.o).
Target not created
Build target 'Target 1'
assembling startup_LPC17xx.s...
compiling sample.c...
compiling core_cm3.c...
compiling system_LPC17xx.c...
compiling funct_led.c...
compiling lib_led.c...
compiling IRQ_button.c...
compiling lib_button.c...
compiling funct_timer.c...
compiling IRQ_timer.c...
compiling lib_timer.c...
linking...
sample.axf: Error: L6218E: Undefined symbol CurrentLedValue (referred from irq_button.o).
Target not created
Build target 'Target 1'
assembling startup_LPC17xx.s...
compiling sample.c...
compiling core_cm3.c...
compiling system_LPC17xx.c...
compiling funct_led.c...
compiling lib_led.c...
led\lib_led.c(27): error:  #20: identifier "led_value" is undefined
compiling IRQ_button.c...
compiling lib_button.c...
compiling funct_timer.c...
compiling IRQ_timer.c...
compiling lib_timer.c...
Target not created
Build target 'Target 1'
assembling startup_LPC17xx.s...
compiling sample.c...
compiling core_cm3.c...
compiling system_LPC17xx.c...
compiling funct_led.c...
compiling lib_led.c...
compiling IRQ_button.c...
compiling lib_button.c...
compiling funct_timer.c...
compiling IRQ_timer.c...
compiling lib_timer.c...
linking...
sample.axf: Error: L6218E: Undefined symbol led_value (referred from funct_led.o).
Target not created
Build target 'Target 1'
assembling startup_LPC17xx.s...
compiling sample.c...
compiling core_cm3.c...
compiling system_LPC17xx.c...
compiling funct_led.c...
compiling lib_led.c...
compiling IRQ_button.c...
compiling lib_button.c...
compiling funct_timer.c...
compiling IRQ_timer.c...
compiling lib_timer.c...
linking...
Program Size: Code=1764 RO-data=268 RW-data=8 ZI-data=608  
"sample.axf" - 0 Error(s), 0 Warning(s).
Build target 'Target 1'
assembling startup_LPC17xx.s...
compiling sample.c...
compiling core_cm3.c...
compiling system_LPC17xx.c...
compiling funct_led.c...
compiling lib_led.c...
compiling IRQ_button.c...
compiling lib_button.c...
compiling funct_timer.c...
compiling IRQ_timer.c...
compiling lib_timer.c...
linking...
Program Size: Code=1764 RO-data=268 RW-data=8 ZI-data=608  
"sample.axf" - 0 Error(s), 0 Warning(s).
Build target 'Target 1'
assembling startup_LPC17xx.s...
compiling sample.c...
compiling core_cm3.c...
compiling system_LPC17xx.c...
compiling funct_led.c...
compiling lib_led.c...
compiling IRQ_button.c...
compiling lib_button.c...
compiling funct_timer.c...
compiling IRQ_timer.c...
compiling lib_timer.c...
linking...
Program Size: Code=1764 RO-data=268 RW-data=8 ZI-data=608  
"sample.axf" - 0 Error(s), 0 Warning(s).
Build target 'Target 1'
assembling startup_LPC17xx.s...
compiling sample.c...
compiling core_cm3.c...
compiling system_LPC17xx.c...
compiling funct_led.c...
compiling lib_led.c...
compiling IRQ_button.c...
compiling lib_button.c...
compiling funct_timer.c...
compiling IRQ_timer.c...
compiling lib_timer.c...
linking...
Program Size: Code=1764 RO-data=268 RW-data=8 ZI-data=608  
"sample.axf" - 0 Error(s), 0 Warning(s).
Build target 'Target 1'
assembling startup_LPC17xx.s...
compiling sample.c...
compiling core_cm3.c...
compiling system_LPC17xx.c...
compiling funct_led.c...
compiling lib_led.c...
compiling IRQ_button.c...
compiling lib_button.c...
compiling funct_timer.c...
compiling IRQ_timer.c...
compiling lib_timer.c...
linking...
Program Size: Code=1764 RO-data=268 RW-data=8 ZI-data=608  
"sample.axf" - 0 Error(s), 0 Warning(s).
Build target 'Target 1'
assembling startup_LPC17xx.s...
compiling sample.c...
compiling core_cm3.c...
compiling system_LPC17xx.c...
compiling funct_led.c...
compiling lib_led.c...
compiling IRQ_button.c...
compiling lib_button.c...
compiling funct_timer.c...
compiling IRQ_timer.c...
compiling lib_timer.c...
linking...
Program Size: Code=1764 RO-data=268 RW-data=8 ZI-data=608  
"sample.axf" - 0 Error(s), 0 Warning(s).
